// Jest Snapshot v1, https://goo.gl/fbAQLP

exports[`ShowMore renders without error 1`] = `
<div
  className="w-full text-center border-b border-solid border-gray-400 leading-[0.1rem] mt-2 mb-4 cursor-pointer"
  onClick={[Function]}
>
  <span
    className="bg-white px-2"
  >
    <small>
      Show More
    </small>
  </span>
</div>
`;
