// Jest Snapshot v1, https://goo.gl/fbAQLP

exports[`Finder ðŸ‡¸ðŸ‡¬ citations 1`] = `
Array [
  Object {
    "citation": "[2021] SGCA 1",
    "index": 0,
    "jurisdiction": "SG",
  },
]
`;

exports[`Finder ðŸ‡¸ðŸ‡¬ citations 2`] = `
Array [
  Object {
    "citation": "[2020] SGHC 2",
    "index": 0,
    "jurisdiction": "SG",
  },
]
`;
