// Jest Snapshot v1, https://goo.gl/fbAQLP

exports[`Admonition should render without errors 1`] = `
{
  "asFragment": [Function],
  "baseElement": <body>
    <div>
      <div
        class="border border-solid border-gray-400 px-2 py-1 flex flex-row hover:bg-gray-100 cursor-pointer hover:bg-100"
      >
        <div
          class="grow"
        >
          <div
            class="inline-flex flex-row"
          >
            <strong>
              Warning
            </strong>
          </div>
          <div>
            <p>
              Fun will now commence
            </p>
          </div>
        </div>
        <div
          class="cursor-pointer text-xs p-1"
        >
          ✕
        </div>
      </div>
    </div>
  </body>,
  "container": <div>
    <div
      class="border border-solid border-gray-400 px-2 py-1 flex flex-row hover:bg-gray-100 cursor-pointer hover:bg-100"
    >
      <div
        class="grow"
      >
        <div
          class="inline-flex flex-row"
        >
          <strong>
            Warning
          </strong>
        </div>
        <div>
          <p>
            Fun will now commence
          </p>
        </div>
      </div>
      <div
        class="cursor-pointer text-xs p-1"
      >
        ✕
      </div>
    </div>
  </div>,
  "debug": [Function],
  "findAllByAltText": [Function],
  "findAllByDisplayValue": [Function],
  "findAllByLabelText": [Function],
  "findAllByPlaceholderText": [Function],
  "findAllByRole": [Function],
  "findAllByTestId": [Function],
  "findAllByText": [Function],
  "findAllByTitle": [Function],
  "findByAltText": [Function],
  "findByDisplayValue": [Function],
  "findByLabelText": [Function],
  "findByPlaceholderText": [Function],
  "findByRole": [Function],
  "findByTestId": [Function],
  "findByText": [Function],
  "findByTitle": [Function],
  "getAllByAltText": [Function],
  "getAllByDisplayValue": [Function],
  "getAllByLabelText": [Function],
  "getAllByPlaceholderText": [Function],
  "getAllByRole": [Function],
  "getAllByTestId": [Function],
  "getAllByText": [Function],
  "getAllByTitle": [Function],
  "getByAltText": [Function],
  "getByDisplayValue": [Function],
  "getByLabelText": [Function],
  "getByPlaceholderText": [Function],
  "getByRole": [Function],
  "getByTestId": [Function],
  "getByText": [Function],
  "getByTitle": [Function],
  "queryAllByAltText": [Function],
  "queryAllByDisplayValue": [Function],
  "queryAllByLabelText": [Function],
  "queryAllByPlaceholderText": [Function],
  "queryAllByRole": [Function],
  "queryAllByTestId": [Function],
  "queryAllByText": [Function],
  "queryAllByTitle": [Function],
  "queryByAltText": [Function],
  "queryByDisplayValue": [Function],
  "queryByLabelText": [Function],
  "queryByPlaceholderText": [Function],
  "queryByRole": [Function],
  "queryByTestId": [Function],
  "queryByText": [Function],
  "queryByTitle": [Function],
  "rerender": [Function],
  "unmount": [Function],
}
`;
